
> agent-system@0.0.1 build
> vite build && npm run prepack

[36mvite v8.1.3 [32mbuilding ssr environment for production...[36m[39m
[2K
node.exe : 11:48:44 PM [vite-plugin-svelte] src/routes/+page.svelte:348:1 Unused CSS selector ".title-icon"
At line:1 char:1
+ & "C:\Program Files\nodejs/node.exe" "C:\Program Files\nodejs/node_mo ...
+ ~~~~~~~~~~~~~~~~~~~~~~~~~~~~~~~~~~~~~~~~~~~~~~~~~~~~~~~~~~~~~~~~~~~~~
    + CategoryInfo          : NotSpecified: (11:48:44 PM [vi...r ".title-icon":String) [], RemoteException
    + FullyQualifiedErrorId : NativeCommandError
 
https://svelte.dev/e/css_unused_selector
346:     margin: 0 0 0.375rem;
347:   }
348:   .title-icon {
                  ^
349:     font-size: 1.25rem;
350:   }
11:48:44 PM [vite-plugin-svelte] src/lib/components/Sidebar.svelte:17:10 This reference only captures the initial value of `agentCount`. Did you mean to 
reference it inside a closure instead?
https://svelte.dev/e/state_referenced_locally
15:       icon: Users,
16:       label: 'Agents',
17:       badge: agentCount > 0 ? agentCount : null,
                           ^
18:       color: '#9b7cf8'
19:     },
11:48:44 PM [vite-plugin-svelte] src/lib/components/Sidebar.svelte:17:27 This reference only captures the initial value of `agentCount`. Did you mean to 
reference it inside a closure instead?
https://svelte.dev/e/state_referenced_locally
15:       icon: Users,
16:       label: 'Agents',
17:       badge: agentCount > 0 ? agentCount : null,
                                            ^
18:       color: '#9b7cf8'
19:     },
11:48:44 PM [vite-plugin-svelte] src/lib/components/Sidebar.svelte:24:10 This reference only captures the initial value of `keyCount`. Did you mean to 
reference it inside a closure instead?
https://svelte.dev/e/state_referenced_locally
22:       icon: KeyRound,
23:       label: 'API Keys',
24:       badge: keyCount > 0 ? keyCount : null,
                         ^
25:       color: '#30d194'
26:     },
11:48:44 PM [vite-plugin-svelte] src/lib/components/Sidebar.svelte:24:25 This reference only captures the initial value of `keyCount`. Did you mean to 
reference it inside a closure instead?
https://svelte.dev/e/state_referenced_locally
22:       icon: KeyRound,
23:       label: 'API Keys',
24:       badge: keyCount > 0 ? keyCount : null,
                                        ^
25:       color: '#30d194'
26:     },
11:48:44 PM [vite-plugin-svelte] src/lib/components/Sidebar.svelte:70:5 `<svelte:component>` is deprecated in runes mode — components are dynamic by default
https://svelte.dev/e/svelte_component_deprecated
68:       >
69:         <span class="nav-icon" style="color: {activeTab === item.id ? item.color : ''}">
70:           <svelte:component this={item.icon} size={15} strokeWidth={1.75} />
                                                                                ^
71:         </span>
72:         <span class="nav-label">{item.label}</span>
11:48:44 PM [vite-plugin-svelte] src/lib/components/OrchestratorSection.svelte:139:7 `<svelte:component>` is deprecated in runes mode — components are 
dynamic by default
https://svelte.dev/e/svelte_component_deprecated
137:               onclick={() => routingStrategy = value}
138:             >
139:               <svelte:component this={cfg.icon} size={14} strokeWidth={2.5} />
                                                                                   ^
140:               <span>{cfg.short}</span>
141:             </button>
11:48:44 PM [vite-plugin-svelte] src/lib/components/OrchestratorSection.svelte:154:7 `<svelte:component>` is deprecated in runes mode — components are 
dynamic by default
https://svelte.dev/e/svelte_component_deprecated
152:               onclick={() => validationStrategy = value}
153:             >
154:               <svelte:component this={cfg.icon} size={14} strokeWidth={2.5} />
                                                                                   ^
155:               <span>{cfg.short}</span>
156:             </button>
11:48:44 PM [vite-plugin-svelte] src/lib/components/OrchestratorSection.svelte:415:1 Unused CSS selector ".run-icon"
https://svelte.dev/e/css_unused_selector
413:     animation: none;
414:   }
415:   .run-icon { font-size: 1rem; }
                ^
416:   .run-hint {
417:     font-size: 0.7rem;
11:48:44 PM [vite-plugin-svelte] src/lib/components/ProjectInput.svelte:151:7 `<svelte:component>` is deprecated in runes mode — components are dynamic by 
default
https://svelte.dev/e/svelte_component_deprecated
149:           <div class="project-main">
150:             <span class="project-scan-icon" style="color: var(--color-text-3)">
151:               <svelte:component this={scanIcon[project.scan_status] || FolderOpen} size={15} strokeWidth={2} />
                                                                                                                    ^
152:             </span>
153:             <div class="project-info">
11:48:44 PM [vite-plugin-svelte] src/lib/components/AgentTree.svelte:99:7 `<svelte:component>` is deprecated in runes mode — components are dynamic by default
https://svelte.dev/e/svelte_component_deprecated
 97:             <div class="agent-avatar" style="background: color-mix(in srgb, {roleCfg.color} 12%, transparent); border-color: color-mix(in srgb, 
{roleCfg.color} 25%, transparent)">
 98:             <span class="avatar-icon" style="color: {roleCfg.color}">
 99:               <svelte:component this={roleCfg.icon} size={15} strokeWidth={1.75} />
                                                                                        ^
100:             </span>
101:             {#if active}
11:48:44 PM [vite-plugin-svelte] src/lib/components/AgentManagement.svelte:95:1 Visible, non-interactive element `<div>` with a click event must be 
accompanied by a keyboard event handler. Consider whether an interactive element such as `<button type="button">` or `<a>` might be more appropriate
https://svelte.dev/e/a11y_click_events_have_key_events
93: <!-- Modal form -->
94: {#if showForm}
95:   <div class="modal-overlay" onclick={(e) => e.target === e.currentTarget && (showForm = false)}>
            ^
96:     <div class="modal slide-up">
97:       <div class="modal-header">
11:48:44 PM [vite-plugin-svelte] src/lib/components/AgentManagement.svelte:95:1 `<div>` with a click handler must have an ARIA role
https://svelte.dev/e/a11y_no_static_element_interactions
93: <!-- Modal form -->
94: {#if showForm}
95:   <div class="modal-overlay" onclick={(e) => e.target === e.currentTarget && (showForm = false)}>
            ^
96:     <div class="modal slide-up">
97:       <div class="modal-header">
11:48:44 PM [vite-plugin-svelte] src/lib/components/AgentManagement.svelte:122:9 `<svelte:component>` is deprecated in runes mode — components are dynamic by 
default
https://svelte.dev/e/svelte_component_deprecated
120:               >
121:                 <span class="role-opt-icon" style="color: {cfg.color}">
122:                   <svelte:component this={cfg.icon} size={14} strokeWidth={1.75} />
                                                                                        ^
123:                 </span>
124:                 <span class="role-opt-name">{role}</span>
11:48:44 PM [vite-plugin-svelte] src/lib/components/AgentManagement.svelte:202:1 Visible, non-interactive element `<div>` with a click event must be 
accompanied by a keyboard event handler. Consider whether an interactive element such as `<button type="button">` or `<a>` might be more appropriate
https://svelte.dev/e/a11y_click_events_have_key_events
200: <!-- Delete confirm modal -->
201: {#if confirmDelete}
202:   <div class="modal-overlay" onclick={(e) => e.target === e.currentTarget && (confirmDelete = null)}>
             ^
203:     <div class="modal slide-up" style="max-width: 380px">
204:       <div class="modal-body" style="padding: 1.5rem">
11:48:44 PM [vite-plugin-svelte] src/lib/components/AgentManagement.svelte:202:1 `<div>` with a click handler must have an ARIA role
https://svelte.dev/e/a11y_no_static_element_interactions
200: <!-- Delete confirm modal -->
201: {#if confirmDelete}
202:   <div class="modal-overlay" onclick={(e) => e.target === e.currentTarget && (confirmDelete = null)}>
             ^
203:     <div class="modal slide-up" style="max-width: 380px">
204:       <div class="modal-body" style="padding: 1.5rem">
11:48:44 PM [vite-plugin-svelte] src/lib/components/AgentManagement.svelte:241:8 `<svelte:component>` is deprecated in runes mode — components are dynamic by 
default
https://svelte.dev/e/svelte_component_deprecated
239:             <div class="card-avatar" style="background: color-mix(in srgb, {cfg.color} 12%, transparent); border-color: color-mix(in srgb, {cfg.color} 
25%, transparent)">
240:               <span class="card-avatar-icon" style="color: {cfg.color}">
241:                 <svelte:component this={cfg.icon} size={16} strokeWidth={1.75} />
                                                                                      ^
242:               </span>
243:             </div>
transforming...✓ 3926 modules transformed.
rendering chunks...
[36mvite v8.1.3 [32mbuilding client environment for production...[36m[39m
[2K
11:48:46 PM [vite-plugin-svelte] src/routes/+page.svelte:348:1 Unused CSS selector ".title-icon"
https://svelte.dev/e/css_unused_selector
346:     margin: 0 0 0.375rem;
347:   }
348:   .title-icon {
                  ^
349:     font-size: 1.25rem;
350:   }
11:48:46 PM [vite-plugin-svelte] src/lib/components/Sidebar.svelte:17:10 This reference only captures the initial value of `agentCount`. Did you mean to 
reference it inside a closure instead?
https://svelte.dev/e/state_referenced_locally
15:       icon: Users,
16:       label: 'Agents',
17:       badge: agentCount > 0 ? agentCount : null,
                           ^
18:       color: '#9b7cf8'
19:     },
11:48:46 PM [vite-plugin-svelte] src/lib/components/Sidebar.svelte:17:27 This reference only captures the initial value of `agentCount`. Did you mean to 
reference it inside a closure instead?
https://svelte.dev/e/state_referenced_locally
15:       icon: Users,
16:       label: 'Agents',
17:       badge: agentCount > 0 ? agentCount : null,
                                            ^
18:       color: '#9b7cf8'
19:     },
11:48:46 PM [vite-plugin-svelte] src/lib/components/Sidebar.svelte:24:10 This reference only captures the initial value of `keyCount`. Did you mean to 
reference it inside a closure instead?
https://svelte.dev/e/state_referenced_locally
22:       icon: KeyRound,
23:       label: 'API Keys',
24:       badge: keyCount > 0 ? keyCount : null,
                         ^
25:       color: '#30d194'
26:     },
11:48:46 PM [vite-plugin-svelte] src/lib/components/Sidebar.svelte:24:25 This reference only captures the initial value of `keyCount`. Did you mean to 
reference it inside a closure instead?
https://svelte.dev/e/state_referenced_locally
22:       icon: KeyRound,
23:       label: 'API Keys',
24:       badge: keyCount > 0 ? keyCount : null,
                                        ^
25:       color: '#30d194'
26:     },
11:48:46 PM [vite-plugin-svelte] src/lib/components/Sidebar.svelte:70:5 `<svelte:component>` is deprecated in runes mode — components are dynamic by default
https://svelte.dev/e/svelte_component_deprecated
68:       >
69:         <span class="nav-icon" style="color: {activeTab === item.id ? item.color : ''}">
70:           <svelte:component this={item.icon} size={15} strokeWidth={1.75} />
                                                                                ^
71:         </span>
72:         <span class="nav-label">{item.label}</span>
11:48:46 PM [vite-plugin-svelte] src/lib/components/AgentTree.svelte:99:7 `<svelte:component>` is deprecated in runes mode — components are dynamic by default
https://svelte.dev/e/svelte_component_deprecated
 97:             <div class="agent-avatar" style="background: color-mix(in srgb, {roleCfg.color} 12%, transparent); border-color: color-mix(in srgb, 
{roleCfg.color} 25%, transparent)">
 98:             <span class="avatar-icon" style="color: {roleCfg.color}">
 99:               <svelte:component this={roleCfg.icon} size={15} strokeWidth={1.75} />
                                                                                        ^
100:             </span>
101:             {#if active}
11:48:46 PM [vite-plugin-svelte] src/lib/components/ProjectInput.svelte:151:7 `<svelte:component>` is deprecated in runes mode — components are dynamic by 
default
https://svelte.dev/e/svelte_component_deprecated
149:           <div class="project-main">
150:             <span class="project-scan-icon" style="color: var(--color-text-3)">
151:               <svelte:component this={scanIcon[project.scan_status] || FolderOpen} size={15} strokeWidth={2} />
                                                                                                                    ^
152:             </span>
153:             <div class="project-info">
11:48:46 PM [vite-plugin-svelte] src/lib/components/OrchestratorSection.svelte:139:7 `<svelte:component>` is deprecated in runes mode — components are 
dynamic by default
https://svelte.dev/e/svelte_component_deprecated
137:               onclick={() => routingStrategy = value}
138:             >
139:               <svelte:component this={cfg.icon} size={14} strokeWidth={2.5} />
                                                                                   ^
140:               <span>{cfg.short}</span>
141:             </button>
11:48:46 PM [vite-plugin-svelte] src/lib/components/OrchestratorSection.svelte:154:7 `<svelte:component>` is deprecated in runes mode — components are 
dynamic by default
https://svelte.dev/e/svelte_component_deprecated
152:               onclick={() => validationStrategy = value}
153:             >
154:               <svelte:component this={cfg.icon} size={14} strokeWidth={2.5} />
                                                                                   ^
155:               <span>{cfg.short}</span>
156:             </button>
11:48:46 PM [vite-plugin-svelte] src/lib/components/OrchestratorSection.svelte:415:1 Unused CSS selector ".run-icon"
https://svelte.dev/e/css_unused_selector
413:     animation: none;
414:   }
415:   .run-icon { font-size: 1rem; }
                ^
416:   .run-hint {
417:     font-size: 0.7rem;
11:48:46 PM [vite-plugin-svelte] src/lib/components/AgentManagement.svelte:95:1 Visible, non-interactive element `<div>` with a click event must be 
accompanied by a keyboard event handler. Consider whether an interactive element such as `<button type="button">` or `<a>` might be more appropriate
https://svelte.dev/e/a11y_click_events_have_key_events
93: <!-- Modal form -->
94: {#if showForm}
95:   <div class="modal-overlay" onclick={(e) => e.target === e.currentTarget && (showForm = false)}>
            ^
96:     <div class="modal slide-up">
97:       <div class="modal-header">
11:48:46 PM [vite-plugin-svelte] src/lib/components/AgentManagement.svelte:95:1 `<div>` with a click handler must have an ARIA role
https://svelte.dev/e/a11y_no_static_element_interactions
93: <!-- Modal form -->
94: {#if showForm}
95:   <div class="modal-overlay" onclick={(e) => e.target === e.currentTarget && (showForm = false)}>
            ^
96:     <div class="modal slide-up">
97:       <div class="modal-header">
11:48:46 PM [vite-plugin-svelte] src/lib/components/AgentManagement.svelte:122:9 `<svelte:component>` is deprecated in runes mode — components are dynamic by 
default
https://svelte.dev/e/svelte_component_deprecated
120:               >
121:                 <span class="role-opt-icon" style="color: {cfg.color}">
122:                   <svelte:component this={cfg.icon} size={14} strokeWidth={1.75} />
                                                                                        ^
123:                 </span>
124:                 <span class="role-opt-name">{role}</span>
11:48:46 PM [vite-plugin-svelte] src/lib/components/AgentManagement.svelte:202:1 Visible, non-interactive element `<div>` with a click event must be 
accompanied by a keyboard event handler. Consider whether an interactive element such as `<button type="button">` or `<a>` might be more appropriate
https://svelte.dev/e/a11y_click_events_have_key_events
200: <!-- Delete confirm modal -->
201: {#if confirmDelete}
202:   <div class="modal-overlay" onclick={(e) => e.target === e.currentTarget && (confirmDelete = null)}>
             ^
203:     <div class="modal slide-up" style="max-width: 380px">
204:       <div class="modal-body" style="padding: 1.5rem">
11:48:46 PM [vite-plugin-svelte] src/lib/components/AgentManagement.svelte:202:1 `<div>` with a click handler must have an ARIA role
https://svelte.dev/e/a11y_no_static_element_interactions
200: <!-- Delete confirm modal -->
201: {#if confirmDelete}
202:   <div class="modal-overlay" onclick={(e) => e.target === e.currentTarget && (confirmDelete = null)}>
             ^
203:     <div class="modal slide-up" style="max-width: 380px">
204:       <div class="modal-body" style="padding: 1.5rem">
11:48:46 PM [vite-plugin-svelte] src/lib/components/AgentManagement.svelte:241:8 `<svelte:component>` is deprecated in runes mode — components are dynamic by 
default
https://svelte.dev/e/svelte_component_deprecated
239:             <div class="card-avatar" style="background: color-mix(in srgb, {cfg.color} 12%, transparent); border-color: color-mix(in srgb, {cfg.color} 
25%, transparent)">
240:               <span class="card-avatar-icon" style="color: {cfg.color}">
241:                 <svelte:component this={cfg.icon} size={16} strokeWidth={1.75} />
                                                                                      ^
242:               </span>
243:             </div>
transforming...✓ 3972 modules transformed.
rendering chunks...
computing gzip size...
.svelte-kit/output/client/_app/version.json                         0.02 kB │ gzip:  0.04 kB
.svelte-kit/output/client/.vite/manifest.json                       2.74 kB │ gzip:  0.57 kB
.svelte-kit/output/client/_app/immutable/assets/2.udgPcCkd.css     35.30 kB │ gzip:  6.07 kB
.svelte-kit/output/client/_app/immutable/assets/0.CzBDnUBT.css     36.72 kB │ gzip:  8.47 kB
.svelte-kit/output/client/_app/immutable/chunks/BT2TjDBi.js         0.02 kB │ gzip:  0.04 kB
.svelte-kit/output/client/_app/immutable/chunks/xihTtKlq.js         0.06 kB │ gzip:  0.08 kB
.svelte-kit/output/client/_app/immutable/entry/start.CTZHUjGt.js    0.07 kB │ gzip:  0.08 kB
.svelte-kit/output/client/_app/immutable/nodes/0.1cZzD5cL.js        0.61 kB │ gzip:  0.39 kB
.svelte-kit/output/client/_app/immutable/nodes/1.DsztvP91.js        0.63 kB │ gzip:  0.35 kB
.svelte-kit/output/client/_app/immutable/chunks/DYl5dUZ5.js         1.27 kB │ gzip:  0.70 kB
.svelte-kit/output/client/_app/immutable/chunks/Bjy-W4x2.js         1.36 kB │ gzip:  0.65 kB
.svelte-kit/output/client/_app/immutable/entry/app.C3e_yPP5.js      2.89 kB │ gzip:  1.31 kB
.svelte-kit/output/client/_app/immutable/chunks/JIlbFGUJ.js        26.70 kB │ gzip: 10.33 kB
.svelte-kit/output/client/_app/immutable/chunks/BTEFoaU-.js        53.94 kB │ gzip: 20.48 kB
.svelte-kit/output/client/_app/immutable/nodes/2.BD4DuLrB.js      310.91 kB │ gzip: 82.13 kB

[32m✓ built in 1.60s[39m
computing gzip size...
.svelte-kit/output/server/.vite/manifest.json                                  4.29 kB │ gzip:  0.69 kB
.svelte-kit/output/server/_app/immutable/assets/_page.C0uZZzOV.css            35.24 kB │ gzip:  6.06 kB
.svelte-kit/output/server/_app/immutable/assets/_layout.DwxeNFHO.css          36.05 kB │ gzip:  8.41 kB
.svelte-kit/output/server/chunks/index-server2.js                              0.03 kB │ gzip:  0.05 kB
.svelte-kit/output/server/env.js                                               0.22 kB │ gzip:  0.14 kB
.svelte-kit/output/server/chunks/env.js                                        0.28 kB │ gzip:  0.17 kB
.svelte-kit/output/server/internal.js                                          0.40 kB │ gzip:  0.19 kB
.svelte-kit/output/server/entries/pages/_layout.svelte.js                      0.70 kB │ gzip:  0.40 kB
.svelte-kit/output/server/chunks/internal.js                                   1.24 kB │ gzip:  0.51 kB
.svelte-kit/output/server/chunks/env2.js                                       1.40 kB │ gzip:  0.60 kB
.svelte-kit/output/server/entries/endpoints/api/skills/import/_server.js       1.98 kB │ gzip:  0.95 kB
.svelte-kit/output/server/entries/endpoints/api/scan-local/_server.js          3.61 kB │ gzip:  1.53 kB
.svelte-kit/output/server/chunks/index-server.js                               4.54 kB │ gzip:  1.68 kB
.svelte-kit/output/server/entries/fallbacks/error.svelte.js                    5.16 kB │ gzip:  1.98 kB
.svelte-kit/output/server/entries/endpoints/api/tool-execute/_server.js        5.30 kB │ gzip:  1.92 kB
.svelte-kit/output/server/entries/endpoints/api/execution/_name_/_server.js    6.99 kB │ gzip:  2.64 kB
.svelte-kit/output/server/chunks/shared.js                                    10.57 kB │ gzip:  3.38 kB
.svelte-kit/output/server/chunks/exports.js                                   11.31 kB │ gzip:  3.52 kB
.svelte-kit/output/server/entries/pages/_page.svelte.js                       14.51 kB │ gzip:  3.93 kB
.svelte-kit/output/server/chunks/internal2.js                                 20.73 kB │ gzip:  6.42 kB
.svelte-kit/output/server/chunks/utils.js                                     31.86 kB │ gzip:  9.37 kB
.svelte-kit/output/server/remote-entry.js                                     54.47 kB │ gzip: 12.01 kB
.svelte-kit/output/server/index.js                                           123.80 kB │ gzip: 31.43 kB
.svelte-kit/output/server/chunks/server.js                                   133.20 kB │ gzip: 34.69 kB

[33m[33m[PLUGIN_TIMINGS] [0mYour build spent significant time in plugins. Here is a breakdown:
  - vite-plugin-sveltekit-guard (71%)
  - vite-plugin-sveltekit-virtual-modules (10%)
  - vite-plugin-svelte:compile (9%)
  - vite-plugin-svelte:preprocess (9%)
See https://rolldown.rs/reference/InputOptions.checks#plugintimings for more details.
[39m
[32m✓ built in 4.32s[39m

Run npm run preview to preview your production build locally.

> Using @sveltejs/adapter-auto
  Could not detect a supported production environment. See https://svelte.dev/docs/kit/adapters to learn how to configure your app to run on the platform of your choosing
  ✔ done

> agent-system@0.0.1 prepack
> svelte-kit sync && svelte-package && publint

src\lib -> dist
@sveltejs/package found the following issues while packaging your library:
Avoid usage of `import.meta.env` in your code. It only works in apps bundled with Vite. Consider using packages like `esm-env` instead which works with all bundlers or without bundling.

Running [1mpublint v0.3.21[22m for [1magent-system[22m...
Packing files with `npm pack`...
Linting...
[1m[32mAll good![39m[22m
